```js title=main.js
"use strict";
(self['webpackChunkwebpack'] = self['webpackChunkwebpack'] || []).push([["main"], {
"./index.js": (function () {


let obj = /*#__PURE__*/ (/* unused pure expression or super */ null && ((() => {
	return B;
})()));


}),

},function(__webpack_require__) {
var __webpack_exec__ = function(moduleId) { return __webpack_require__(__webpack_require__.s = moduleId) }
var __webpack_exports__ = (__webpack_exec__("./index.js"));

}
]);
```